// Jest Snapshot v1, https://goo.gl/fbAQLP

exports[`Footer matches snapshot 1`] = `
.c1 {
  margin: 0;
}

.c0 {
  display: -webkit-box;
  display: -webkit-flex;
  display: -ms-flexbox;
  display: flex;
  -webkit-align-items: center;
  -webkit-box-align: center;
  -ms-flex-align: center;
  align-items: center;
  -webkit-box-pack: center;
  -webkit-justify-content: center;
  -ms-flex-pack: center;
  justify-content: center;
  background: #efefef;
  position: fixed;
  bottom: 0;
  width: 100%;
  padding: 12px;
}

<footer
  className="c0"
>
  <div
    css={
      Object {
        "paddingLeft": "1.25rem",
        "paddingRight": "1.25rem",
      }
    }
  >
    Â© 2019 American Physical Society
  </div>
  <div
    className="c1"
  >
    <a
      css="
        color: steelblue;
        cursor: pointer;
        [object Object]
      "
      href="https://github.com/gojutin/gatsby-starter"
      rel="noopener noreferrer"
      target="_blank"
    >
      <img
        src="test-file-stub"
        width={30}
      />
    </a>
  </div>
</footer>
`;
