// Jest Snapshot v1, https://goo.gl/fbAQLP

exports[`Layout renders correctly 1`] = `
.c0 {
  padding-top: 2rem;
  padding-bottom: 2rem;
  text-align: center;
}

<div
  className="c0"
/>
`;
