// Jest Snapshot v1, https://goo.gl/fbAQLP

exports[`matches snapshot 1`] = `
<DocumentFragment>
  <h3>
    Hello Bob
  </h3>
</DocumentFragment>
`;
